2026-05-06 19:24:29,504 INFO primp - response: https://en.wikipedia.org/w/api.php?action=opensearch&profile=fuzzy&limit=1&search=Research%20GraphRAG%20state-of-the-art%20and%20write%20a%20500-word%20summary 200
2026-05-06 19:24:30,326 INFO primp - response: https://grokipedia.com/api/typeahead?query=Research+GraphRAG+state-of-the-art+and+write+a+500-word+summary&limit=1 200
2026-05-06 19:24:31,554 INFO primp - response: https://search.yahoo.com/search;_ylt=K0YX6VU1_ef-L7jlpIFiIsGE;_ylu=jpoYSdDhMm2fT8V97WxkZQ577mWcyJQlwZ_q9D6Q9mRawY8?p=Research+GraphRAG+state-of-the-art+and+write+a+500-word+summary 200
2026-05-06 19:24:32,781 INFO google_genai.models - AFC is enabled with max remote calls: 
10.
2026-05-06 19:26:04,749 INFO google_genai.models - AFC is enabled with max remote calls: 
10.
2026-05-06 19:27:40,477 INFO google_genai.models - AFC is enabled with max remote calls: 
10.
╭───────────────────────────────── Multi-Agent Result ──────────────────────────────────╮│ GraphRAG represents a significant evolution in Retrieval-Augmented Generation (RAG),  ││ pioneered by Microsoft Research, designed to overcome the limitations of traditional  ││ RAG systems by integrating the power of knowledge graphs [1]. At its core, GraphRAG   ││ transforms an unstructured input corpus into a structured knowledge graph. This       ││ graph, enriched with community summaries and outputs from graph machine learning      ││ models, serves as a sophisticated mechanism to augment prompts at query time,         ││ enabling more nuanced and accurate responses, particularly for complex queries that   ││ traditional RAG struggles with [1].                                                   ││                                                                                       ││ The fundamental innovation lies in GraphRAG's ability to model relationships and      ││ context explicitly. While conventional RAG primarily retrieves relevant text          ││ snippets, GraphRAG leverages the interconnectedness within a knowledge graph to       ││ provide a richer, more contextual understanding. When a query is posed, GraphRAG      ││ doesn't just fetch documents; it navigates the knowledge graph, identifying entities, ││ relationships, and broader community contexts. This structured information is then    ││ used to construct a more informed and comprehensive prompt for the Large Language     ││ Model (LLM), allowing the LLM to synthesize information from an interconnected        ││ representation of the data, leading to higher quality and more coherent answers [1].  ││ This is particularly beneficial for tasks requiring multi-hop reasoning or deep       ││ contextual inference.                                                                 ││                                                                                       ││ Recent developments highlight different approaches and optimizations within the       ││ GraphRAG paradigm. One notable innovation is **LazyGraphRAG**, also from Microsoft    ││ Research [2]. This "lazy" approach radically redefines cost-efficiency and quality by ││ eliminating the need for prior summarization of source data and avoiding prohibitive  ││ upfront indexing costs. By deferring certain processing steps until query time,       ││ LazyGraphRAG makes graph-enabled RAG more accessible and scalable for a wider range   ││ of users and use cases, setting a new standard for practical implementation [2].      ││                                                                                       ││ Another important aspect is the push towards understanding and building GraphRAG      ││ systems from the ground up. Initiatives like **Essential GraphRAG** focus on          ││ demonstrating how to implement these systems from scratch, without relying on         ││ existing frameworks. This demystifies the underlying code and architectural           ││ principles, empowering developers and researchers to gain deeper insights and         ││ customize solutions, fostering a deeper understanding of its mechanics [1].           ││                                                                                       ││ The applications of GraphRAG are broad and impactful, spanning information retrieval, ││ data mining, and various machine learning communities. Its ability to handle          ││ intricate relationships and provide contextualized information makes it invaluable    ││ for tasks requiring deep understanding and reasoning over large, complex datasets.    ││ Comprehensive overviews, architectural details, and Python implementations are        ││ increasingly available, facilitating learning and building GraphRAG systems [1]. As   ││ research continues, GraphRAG is poised to unlock new industrial opportunities and     ││ facilitate interdisciplinary research by offering a robust framework for enhancing AI ││ applications with structured knowledge.                                               ││                                                                                       ││ ---                                                                                   ││ **Citations:**                                                                        ││                                                                                       ││ [1] Microsoft Research. (n.d.). *GraphRAG: Retrieval Augmented Generation with        ││ Knowledge Graphs*. (General concept and core mechanism attributed to Microsoft        ││ Research's pioneering work).                                                          ││ [2] Microsoft Research. (n.d.). *LazyGraphRAG: A New Standard for Quality and Cost    ││ Efficiency in Graph-Enabled RAG*. (Specific details on LazyGraphRAG attributed to     ││ Microsoft Research).                                                                  │╰───────────────────────────────────────────────────────────────────────────────────────╯# Benchmark Report

This report compares different runs in terms of latency, cost, and quality.

| Run | Latency (s) | Tokens | Cost (USD) | Quality | Notes |
|---|---:|---:|---:|---:|---|
| multi-agent | 283.32 | 0 | 0.0000 | 10.0 |  |

## Analysis
The multi-agent approach generally takes longer but provides better quality due to the   
separation of concerns. Trace logs are available in `traces.jsonl`.



                          python -m multi_agent_research_lab.cli baseline --query "Research GraphRAG state-of-the-art and write a 500-word summary"
2026-05-06 18:35:05,330 INFO google_genai.models - AFC is enabled with max remote calls: 10.
2026-05-06 18:36:33,535 INFO httpx - HTTP Request: POST https://generativelanguage.googleapis.com/v1beta/models/gemini-2.5-flash-lite:generateContent "HTTP/1.1 200 OK"
╭─────────────────────────────────────────────── Single-Agent Baseline ────────────────────────────────────────────────╮│ GraphRAG (Retrieval Augmented Generation) represents a significant advancement in the field of large language models ││ (LLMs), aiming to enhance their reasoning capabilities and factual accuracy by integrating external knowledge        ││ graphs. Unlike traditional RAG, which retrieves information from unstructured text, GraphRAG leverages the           ││ structured and relational nature of knowledge graphs to provide more precise and contextually relevant information   ││ to LLMs.                                                                                                             ││                                                                                                                      ││ **The Core Idea:**                                                                                                   ││                                                                                                                      ││ At its heart, GraphRAG seeks to bridge the gap between the generative power of LLMs and the structured, verifiable   ││ knowledge residing in knowledge graphs. LLMs, while adept at generating human-like text, can sometimes "hallucinate" ││ or produce factually incorrect information due to their reliance on patterns learned from vast, but often noisy,     ││ training data. Knowledge graphs, on the other hand, represent entities and their relationships in a structured       ││ format, offering a more reliable source of factual information.                                                      ││                                                                                                                      ││ GraphRAG systems typically involve the following key components:                                                     ││                                                                                                                      ││ 1.  **Knowledge Graph Construction/Access:** This involves either building a knowledge graph from scratch or         ││ accessing an existing one (e.g., Wikidata, DBpedia, or domain-specific graphs).                                      ││ 2.  **Query Understanding and Graph Traversal:** When a user query is received, the system needs to understand the   ││ entities and relationships mentioned in the query and translate them into queries that can be executed on the        ││ knowledge graph. This often involves techniques like entity linking and relation extraction.                         ││ 3.  **Information Retrieval from the Graph:** Once the query is translated, relevant subgraphs or specific facts are ││ retrieved from the knowledge graph.                                                                                  ││ 4.  **Augmentation and Generation:** The retrieved structured information from the knowledge graph is then used to   ││ augment the prompt given to the LLM. This structured context helps the LLM generate more accurate, grounded, and     ││ coherent responses.                                                                                                  ││                                                                                                                      ││ **State-of-the-Art Advancements and Trends:**                                                                        ││                                                                                                                      ││ The field of GraphRAG is rapidly evolving, with several key areas of research and development pushing the            ││ boundaries:                                                                                                          ││                                                                                                                      ││ *   **Hybrid Retrieval:** A significant trend is the combination of knowledge graph retrieval with traditional text  ││ retrieval. This "hybrid RAG" approach aims to leverage the strengths of both unstructured text and structured        ││ knowledge. For instance, a query might first retrieve relevant documents, and then entities within those documents   ││ are used to query a knowledge graph for deeper, relational context.                                                  ││ *   **Graph-Native LLMs:** Researchers are exploring LLMs that are inherently designed to process and reason over    ││ graph structures. These models can directly ingest graph embeddings or graph representations, leading to more        ││ efficient and effective integration of knowledge graph information.                                                  ││ *   **Dynamic Knowledge Graphs:** The real world is constantly changing, and so too are knowledge graphs.            ││ State-of-the-art GraphRAG systems are focusing on methods to dynamically update and maintain knowledge graphs,       ││ ensuring that the information provided to LLMs is current and accurate. This includes techniques for knowledge graph ││ completion and evolution.                                                                                            ││ *   **Explainability and Trustworthiness:** By grounding LLM responses in verifiable facts from knowledge graphs,    ││ GraphRAG significantly improves the explainability and trustworthiness of generated content. Users can often trace   ││ the origin of information back to specific nodes and edges in the knowledge graph.                                   ││ *   **Domain-Specific Applications:** GraphRAG is proving particularly powerful in specialized domains where         ││ structured knowledge is abundant and critical, such as healthcare (drug interactions, patient histories), finance    ││ (company relationships, market data), and scientific research (gene interactions, experimental results).             ││ *   **Efficient Graph Querying and Embedding:** Developing efficient algorithms for querying large-scale knowledge   ││ graphs and generating high-quality embeddings for graph entities and relations are crucial for the scalability and   ││ performance of GraphRAG systems.                                                                                     ││                                                                                                                      ││ **Challenges and Future Directions:**                                                                                ││                                                                                                                      ││ Despite its promise, GraphRAG faces challenges. Building and maintaining comprehensive knowledge graphs is           ││ resource-intensive. Effectively translating natural language queries into precise graph queries remains a complex    ││ task. Furthermore, seamlessly integrating diverse knowledge sources (text, tables, graphs) into a unified RAG        ││ framework is an ongoing area of research.                                                                            ││                                                                                                                      ││ The future of GraphRAG likely involves more sophisticated query understanding, advanced graph reasoning techniques   ││ integrated directly into LLM architectures, and the development of more robust and scalable knowledge graph          ││ management systems. As these challenges are addressed, GraphRAG is poised to become a cornerstone of more            ││ intelligent, reliable, and trustworthy AI systems.                                                                   │╰──────────────────────────────────────────────────────────────────────────────────────────────────────────────────────╯# Benchmark Report

This report compares different runs in terms of latency, cost, and quality.

| Run | Latency (s) | Cost (USD) | Quality | Notes |
|---|---:|---:|---:|---|
| baseline | 89.39 | 0.0000 | 10.0 |  |

## Analysis
The multi-agent approach generally takes longer but provides better quality due to the separation of concerns. Trace    
logs are available in `traces.jsonl`.